Archive member included       because of file (symbol)

/usr/local/openravenscar/lib/gcc-lib/sparc-ork-elf/2.8.1/adalib/libgnarl.a(a-reatim.o)
                              ./devices.o (ada__real_time__clock)
/usr/local/openravenscar/lib/gcc-lib/sparc-ork-elf/2.8.1/adalib/libgnarl.a(a-retide.o)
                              ./add.o (ada__real_time__delays__delay_until)
/usr/local/openravenscar/lib/gcc-lib/sparc-ork-elf/2.8.1/adalib/libgnarl.a(s-interr.o)
                              b~main.o (system__interrupts___elabs)
/usr/local/openravenscar/lib/gcc-lib/sparc-ork-elf/2.8.1/adalib/libgnarl.a(s-osinte.o)
                              /usr/local/openravenscar/lib/gcc-lib/sparc-ork-elf/2.8.1/adalib/libgnarl.a(s-interr.o) (system__os_interface__attach_handler)
/usr/local/openravenscar/lib/gcc-lib/sparc-ork-elf/2.8.1/adalib/libgnarl.a(s-taprob.o)
                              ./devices.o (system__tasking__protected_objects__initialize_protection)
/usr/local/openravenscar/lib/gcc-lib/sparc-ork-elf/2.8.1/adalib/libgnarl.a(s-taprop.o)
                              /usr/local/openravenscar/lib/gcc-lib/sparc-ork-elf/2.8.1/adalib/libgnarl.a(a-retide.o) (system__task_primitives__operations__self)
/usr/local/openravenscar/lib/gcc-lib/sparc-ork-elf/2.8.1/adalib/libgnarl.a(s-tarest.o)
                              ./add.o (system__tasking__restricted__stages__create_restricted_task)
/usr/local/openravenscar/lib/gcc-lib/sparc-ork-elf/2.8.1/adalib/libgnarl.a(s-tasdeb.o)
                              b~main.o (system__tasking__debug___elabs)
/usr/local/openravenscar/lib/gcc-lib/sparc-ork-elf/2.8.1/adalib/libgnarl.a(s-taskin.o)
                              /usr/local/openravenscar/lib/gcc-lib/sparc-ork-elf/2.8.1/adalib/libgnarl.a(s-tasdeb.o) (system__tasking__task_statesT)
/usr/local/openravenscar/lib/gcc-lib/sparc-ork-elf/2.8.1/adalib/libgnarl.a(s-taspri.o)
                              /usr/local/openravenscar/lib/gcc-lib/sparc-ork-elf/2.8.1/adalib/libgnarl.a(s-taskin.o) (system__task_primitives___init_proc)
/usr/local/openravenscar/lib/gcc-lib/sparc-ork-elf/2.8.1/adalib/libgnarl.a(s-tposen.o)
                              /usr/local/openravenscar/lib/gcc-lib/sparc-ork-elf/2.8.1/adalib/libgnarl.a(s-interr.o) (system__tasking__protected_objects__single_entry__protection_entryP)
/usr/local/openravenscar/lib/gcc-lib/sparc-ork-elf/2.8.1/adalib/libgnarl.a(kernel-interrupts.o)
                              /usr/local/openravenscar/lib/gcc-lib/sparc-ork-elf/2.8.1/adalib/libgnarl.a(s-osinte.o) (kernel_attach_interrupt_handler)
/usr/local/openravenscar/lib/gcc-lib/sparc-ork-elf/2.8.1/adalib/libgnarl.a(kernel-threads.o)
                              b~main.o (kernel__threads___elabs)
/usr/local/openravenscar/lib/gcc-lib/sparc-ork-elf/2.8.1/adalib/libgnarl.a(kernel-threads-atcb.o)
                              /usr/local/openravenscar/lib/gcc-lib/sparc-ork-elf/2.8.1/adalib/libgnarl.a(s-taprop.o) (kernel__threads__atcb__set_atcb)
/usr/local/openravenscar/lib/gcc-lib/sparc-ork-elf/2.8.1/adalib/libgnarl.a(kernel-threads-queues.o)
                              /usr/local/openravenscar/lib/gcc-lib/sparc-ork-elf/2.8.1/adalib/libgnarl.a(s-taprop.o) (running_thread)
/usr/local/openravenscar/lib/gcc-lib/sparc-ork-elf/2.8.1/adalib/libgnarl.a(kernel-threads-protection.o)
                              /usr/local/openravenscar/lib/gcc-lib/sparc-ork-elf/2.8.1/adalib/libgnarl.a(kernel-threads.o) (kernel__threads__protection__dispatch)
/usr/local/openravenscar/lib/gcc-lib/sparc-ork-elf/2.8.1/adalib/libgnarl.a(kernel-time.o)
                              /usr/local/openravenscar/lib/gcc-lib/sparc-ork-elf/2.8.1/adalib/libgnarl.a(s-taprop.o) (kernel_clock)
/usr/local/openravenscar/lib/gcc-lib/sparc-ork-elf/2.8.1/adalib/libgnarl.a(kernel-memory.o)
                              /usr/local/openravenscar/sparc-ork-elf/lib/ada_crt0.o (environment_stack)
/usr/local/openravenscar/lib/gcc-lib/sparc-ork-elf/2.8.1/adalib/libgnarl.a(kernel-cpu_primitives.o)
                              /usr/local/openravenscar/lib/gcc-lib/sparc-ork-elf/2.8.1/adalib/libgnarl.a(kernel-threads-protection.o) (kernel__cpu_primitives__context_switch)
/usr/local/openravenscar/lib/gcc-lib/sparc-ork-elf/2.8.1/adalib/libgnarl.a(kernel-peripherals-registers.o)
                              b~main.o (kernel__peripherals__registers___elabs)
/usr/local/openravenscar/lib/gcc-lib/sparc-ork-elf/2.8.1/adalib/libgnarl.a(kernel-peripherals.o)
                              /usr/local/openravenscar/lib/gcc-lib/sparc-ork-elf/2.8.1/adalib/libgnarl.a(kernel-interrupts.o) (kernel__peripherals__to_vector)
/usr/local/openravenscar/lib/gcc-lib/sparc-ork-elf/2.8.1/adalib/libgnarl.a(kernel-serial_output.o)
                              ./devices.o (kernel__serial_output__put__2)
/usr/local/openravenscar/lib/gcc-lib/sparc-ork-elf/2.8.1/adalib/libgnarl.a(context.o)
                              /usr/local/openravenscar/sparc-ork-elf/lib/ada_crt0.o (context_trap)
[...]
Memory Configuration

Name             Origin             Length             Attributes
rom              0x00000000         0x00200000         xr
ram              0x02000000         0x003f8000         xrw
*default*        0x00000000         0xffffffff

Linker script and memory map

                0x00200000                PROM_SIZE=0x200000
                0x00400000                RAM_SIZE=0x400000
                0x00000000                PROM_START=0x0
                0x00200000                PROM_END=(PROM_START+PROM_SIZE)
                0x02000000                RAM_START=0x2000000
                0x02400000                RAM_END=(RAM_START+RAM_SIZE)

.text           0x02000000    0x2ef20
 CREATE_OBJECT_SYMBOLS
                0x02000000                text_start=.
 *(.text)
 .text          0x02000000     0x1384 /usr/local/openravenscar/sparc-ork-elf/lib/ada_crt0.o
                0x020011bc                __exit
                0x02000000                trap_table
                0x02000000                start
                0x020011bc                _exit
 .text          0x02001384      0x25c b~main.o
                0x020015c8                ada_main___elabb
                0x02001384                adainit
                0x02001548                main
                0x0200152c                adafinal
 .text          0x020015e0       0x1c ./main.o
                0x020015e0                _ada_main
 .text          0x020015fc     0x1dcc ./devices.o
                0x020028b4                devices__display_electrodes_sample
                0x0200165c                devices__reading_sensors
                0x020015fc                devices___init_proc
                0x0200302c                devices(bool,...)(...)( *)
                0x02001c6c                devices__reading_eyesimage
                0x02003318                devices___elabb
                0x02002bcc                devices__display_cronometro
                0x02002f44                devices__light
                0x020032bc                devices__activate_automatic_driving
                0x02001c0c                devices___init_proc__2
                0x020029a0                devices__display_eyes_sample
                0x020027d0                devices__display_pulse_rate
 .text          0x020033c8      0x9a8 ./workload.o
                0x020033c8                workload___elabs
                0x020037c8                workload__small_whetstone
                0x02003d58                workload___elabb
 .text          0x02003d70      0x848 ./tools.o
                0x02004588                tools___elabb
                0x02004514                tools__execution_time
                0x02004464                tools__finishing_notice
                0x020043b4                tools__starting_notice
                0x02003d70                tools___elabs
                0x0200405c                tools__print_an_integer
                0x02004214                tools__print_a_float
                0x02003dbc                tools__current_time
 .text          0x020045b8      0x950 ./add.o
                0x020045b8                add___init_proc
                0x020046b0                add__background
                0x02004be8                add___elabb
                0x02004634                add___init_proc__2
 .text          0x02004f08      0x5e4 /usr/local/openravenscar/lib/gcc-lib/sparc-ork-elf/2.8.1/adalib/libgnarl.a(a-reatim.o)
                0x02004f34                ada__real_time__Oadd__2
                0x02005108                ada__real_time__split
                0x02004f24                ada__real_time__Oadd
                0x02004f84                ada__real_time__Osubtract__4
                0x02005088                ada__real_time__nanoseconds
                0x02004ff4                ada__real_time__Odivide__2
                0x02004fb0                ada__real_time__Odivide
                0x02004f64                ada__real_time__Osubtract__2
                0x02005078                ada__real_time__to_duration
                0x02005420                ada__real_time__time_of
                0x02004f44                ada__real_time__Oadd__3
                0x020050d8                ada__real_time__milliseconds
                0x02004f08                ada__real_time__clock
                0x020050ac                ada__real_time__microseconds
                0x02004f54                ada__real_time__Osubtract
                0x02004f74                ada__real_time__Osubtract__3
                0x02005080                ada__real_time__to_time_span
                0x0200504c                ada__real_time__Omultiply__2
                0x02005020                ada__real_time__Omultiply
 .text          0x020054ec       0x68 /usr/local/openravenscar/lib/gcc-lib/sparc-ork-elf/2.8.1/adalib/libgnarl.a(a-retide.o)
                0x02005530                ada__real_time__delays__to_duration
                0x020054ec                ada__real_time__delays__delay_until
 .text          0x02005554      0xcc4 /usr/local/openravenscar/lib/gcc-lib/sparc-ork-elf/2.8.1/adalib/libgnarl.a(s-interr.o)
                0x02005810                system__interrupts__is_reserved
                0x02005578                system__interrupts___elabs
                0x02005fa8                system__interrupts__install_handlers
                0x02005664                system__interrupts__ada_interrupt_wrapper
                0x02005888                system__interrupts__current_handler__3
                0x02006124                system__interrupts___init_proc__4
                0x02006130                system__interrupts___init_proc__5
                0x020060d0                system__interrupts___init_proc__2
                0x02005f40                system__interrupts__reference
                0x02005748                system__interrupts__register_interrupt_handler
                0x02006200                system__interrupts___init_proc__7
                0x020060c8                system__interrupts___init_proc
                0x02005d64                system__interrupts__detach_handler__3
                0x02005b0c                system__interrupts__exchange_handler
                0x02005904                system__interrupts__attach_handler__3
                0x02005824                system__interrupts__is_handler_attached
                0x0200579c                system__interrupts__is_registered
                0x0200620c                system__interrupts___init_proc__8
                0x02005f70                system__interrupts__finalize
                0x02006060                system__interrupts___elabb
                0x02005554                system__interrupts___size
                0x020060dc                system__interrupts___init_proc__3
                0x02005fa0                system__interrupts__has_interrupt_or_attach_handler
                0x02006180                system__interrupts___init_proc__6
 .text          0x02006218       0x54 /usr/local/openravenscar/lib/gcc-lib/sparc-ork-elf/2.8.1/adalib/libgnarl.a(s-osinte.o)
                0x02006244                system__os_interface__detach_handler
                0x02006218                system__os_interface__priority_of_interrupt
                0x0200622c                system__os_interface__attach_handler
                0x02006258                system__os_interface__current_handler
 .text          0x0200626c      0x10c /usr/local/openravenscar/lib/gcc-lib/sparc-ork-elf/2.8.1/adalib/libgnarl.a(s-taprob.o)
                0x02006358                system__tasking__protected_objects___init_proc
                0x02006328                system__tasking__protected_objects__unlock
                0x02006298                system__tasking__protected_objects__lock
                0x02006364                system__tasking__protected_objects___init_proc__2
                0x0200626c                system__tasking__protected_objects__initialize_protection
                0x020062e0                system__tasking__protected_objects__lock_read_only
                0x02006340                system__tasking__protected_objects__finalize_protection
 .text          0x02006378      0x978 /usr/local/openravenscar/lib/gcc-lib/sparc-ork-elf/2.8.1/adalib/libgnarl.a(s-taprop.o)
                0x020065f8                system__task_primitives__operations__get_priority
                0x02006470                system__task_primitives__operations__unlock__2
                0x020067d0                system__task_primitives__operations__check_no_locks
                0x020063f4                system__task_primitives__operations__write_lock
                0x02006830                system__task_primitives__operations__resume_task
                0x020068b0                system__task_primitives__operations___elabb
                0x0200653c                system__task_primitives__operations__clock
                0x02006410                system__task_primitives__operations__write_lock__2
                0x020063b0                system__task_primitives__operations__get_thread_id
                0x020064c4                system__task_primitives__operations__timed_delay
                0x020065d8                system__task_primitives__operations__set_priority
                0x020064a0                system__task_primitives__operations__timed_sleep
                0x02006394                system__task_primitives__operations__self
                0x02006488                system__task_primitives__operations__sleep
                0x020067b4                system__task_primitives__operations__set_exit_task_procedure
                0x0200645c                system__task_primitives__operations__unlock
                0x020067e8                system__task_primitives__operations__environment_task
                0x020063bc                system__task_primitives__operations__initialize_lock
                0x02006ae4                system__task_primitives__operations___init_proc
                0x02006798                system__task_primitives__operations__exit_task
                0x02006560                system__task_primitives__operations__wakeup
                0x02006378                system__task_primitives__operations__set
                0x020067c0                system__task_primitives__operations__abort_task
                0x020067f4                system__task_primitives__operations__lock_all_tasks_list
                0x02006428                system__task_primitives__operations__write_lock__3
                0x02006788                system__task_primitives__operations__finalize_tcb
                0x02006674                system__task_primitives__operations__new_atcb
                0x02006828                system__task_primitives__operations__suspend_task
                0x02006574                system__task_primitives__operations__yield
                0x02006810                system__task_primitives__operations__unlock_all_tasks_list
                0x02006838                system__task_primitives__operations__initialize
                0x020067c8                system__task_primitives__operations__check_exit
                0x020066ec                system__task_primitives__operations__initialize_tcb
                0x020063a8                system__task_primitives__operations__stack_guard
                0x020063ec                system__task_primitives__operations__finalize_lock
                0x02006790                system__task_primitives__operations__default_exit_task_procedure
                0x02006728                system__task_primitives__operations__create_task
                0x020063d4                system__task_primitives__operations__initialize_lock__2
                0x02006440                system__task_primitives__operations__read_lock
                0x02006610                system__task_primitives__operations__enter_task
 .text          0x02006cf0      0x924 /usr/local/openravenscar/lib/gcc-lib/sparc-ork-elf/2.8.1/adalib/libgnarl.a(s-tarest.o)
                0x02006f64                system__tasking__restricted__stages__create_restricted_task
                0x02007464                system__tasking__restricted__stages__restricted_terminated
                0x02007174                system__tasking__restricted__stages__activate_restricted_tasks
                0x02007334                system__tasking__restricted__stages__complete_restricted_activation
                0x02007478                system__tasking__restricted__stages__finalize_global_tasks
                0x020074cc                system__tasking__restricted__stages___elabb
                0x02007404                system__tasking__restricted__stages__complete_restricted_task
 .text          0x02007614      0xf44 /usr/local/openravenscar/lib/gcc-lib/sparc-ork-elf/2.8.1/adalib/libgnarl.a(s-tasdeb.o)
                0x0200828c                system__tasking__debug__image
                0x02008530                system__tasking__debug___init_proc__2
                0x02007f68                system__tasking__debug__print_current_task
                0x020081dc                system__tasking__debug__trace__2
                0x02007614                system__tasking__debug___elabs
                0x02007f84                system__tasking__debug__list_tasks
                0x02008434                system__tasking__debug__resume_all_tasks
                0x0200768c                system__tasking__debug__set_user_state
                0x02007db4                system__tasking__debug__print_task_info_header
                0x020084f0                system__tasking__debug___init_proc
                0x02007678                system__tasking__debug__self
                0x0200846c                system__tasking__debug___elabb
                0x02007fc4                system__tasking__debug__print_accept_info
                0x02008278                system__tasking__debug__set_trace
                0x02008088                system__tasking__debug__trace
                0x02008210                system__tasking__debug__trace__3
                0x02008244                system__tasking__debug__trace__4
                0x02007974                system__tasking__debug__print_task_info
                0x02007670                system__tasking__debug__task_termination_hook
                0x02007668                system__tasking__debug__task_creation_hook
                0x020083fc                system__tasking__debug__suspend_all_tasks
 .text          0x02008558      0x75c /usr/local/openravenscar/lib/gcc-lib/sparc-ork-elf/2.8.1/adalib/libgnarl.a(s-taskin.o)
                0x0200896c                system__tasking___init_proc__3
                0x02008c14                system__tasking___init_proc__8
                0x02008bd4                system__tasking___init_proc__7
                0x02008558                system__tasking__self
                0x02008934                system__tasking___init_proc__2
                0x02008694                system__tasking___elabb
                0x020089e8                system__tasking___init_proc__4
                0x02008c20                system__tasking___init_proc__9
                0x020088e0                system__tasking___init_proc
                0x02008a3c                system__tasking___init_proc__6
                0x0200856c                system__tasking__initialize_atcb
                0x020089f4                system__tasking___init_proc__5
 .text          0x02008cb4       0x14 /usr/local/openravenscar/lib/gcc-lib/sparc-ork-elf/2.8.1/adalib/libgnarl.a(s-taspri.o)
                0x02008cb4                system__task_primitives___init_proc
 .text          0x02008cc8      0x8cc /usr/local/openravenscar/lib/gcc-lib/sparc-ork-elf/2.8.1/adalib/libgnarl.a(s-tposen.o)
                0x02008f08                system__tasking__protected_objects__single_entry__check_exception
                0x02008ce8                system__tasking__protected_objects__single_entry___elabs
                0x02008cc8                system__tasking__protected_objects__single_entry___size
                0x02009010                system__tasking__protected_objects__single_entry__po_do_or_queue
                0x0200943c                system__tasking__protected_objects__single_entry__timed_protected_single_entry_call
                0x02008ce0                system__tasking__protected_objects__single_entry___deep_finalize
                0x02008e70                system__tasking__protected_objects__single_entry__wait_for_completion
                0x02008f2c                system__tasking__protected_objects__single_entry__initialize_protection_entry
                0x02008fb0                system__tasking__protected_objects__single_entry__lock_read_only_entry
                0x02009538                system__tasking__protected_objects__single_entry__protected_count_entry
                0x02009524                system__tasking__protected_objects__single_entry__complete_single_entry_body
                0x020091a0                system__tasking__protected_objects__single_entry__service_entry
                0x02009550                system__tasking__protected_objects__single_entry__protected_single_entry_caller
                0x02008f68                system__tasking__protected_objects__single_entry__lock_entry
                0x02008ff8                system__tasking__protected_objects__single_entry__unlock_entry
                0x0200932c                system__tasking__protected_objects__single_entry__protected_single_entry_call
                0x02008e18                system__tasking__protected_objects__single_entry__send_program_error
                0x02008e54                system__tasking__protected_objects__single_entry__wakeup_entry_caller
                0x020091bc                system__tasking__protected_objects__single_entry__po_service_entry
                0x0200952c                system__tasking__protected_objects__single_entry__exceptional_complete_single_entry_body
                0x02008e98                system__tasking__protected_objects__single_entry__wait_for_completion_with_timeout
                0x02009564                system__tasking__protected_objects__single_entry___init_proc
 .text          0x02009594      0x1f0 /usr/local/openravenscar/lib/gcc-lib/sparc-ork-elf/2.8.1/adalib/libgnarl.a(kernel-interrupts.o)
                0x0200965c                kernel_detach_interrupt_handler
                0x020096a4                kernel__interrupts___elabb
                0x02009594                kernel__interrupts__null_handler
                0x0200959c                kernel__interrupts__wrapper
                0x02009684                kernel_current_interrupt_handler
                0x020095fc                kernel_attach_interrupt_handler
                0x02009728                kernel__interrupts___init_proc__2
                0x02009710                kernel__interrupts___init_proc
 .text          0x02009784      0x5dc /usr/local/openravenscar/lib/gcc-lib/sparc-ork-elf/2.8.1/adalib/libgnarl.a(kernel-threads.o)
                0x02009784                kernel__threads___elabs
                0x02009d24                kernel__threads___init_proc__3
                0x020099f4                kernel_yield
                0x02009af4                kernel_check_no_mutexes
                0x02009b04                kernel_condition_init
                0x02009954                kernel__threads__set_active_priority
                0x02009908                kernel_set_priority
                0x02009bc8                kernel_condition_signal
                0x02009c28                kernel_thread_create
                0x02009810                kernel__threads__default_dummy_task_function
                0x02009cf0                kernel_thread_self
                0x020097c0                kernel__threads__thread_caller
                0x02009b0c                kernel_condition_wait
                0x02009820                kernel_initialize
                0x02009a94                kernel_mutex_unlock
                0x02009a3c                kernel_mutex_lock
                0x02009a30                kernel_mutex_init
                0x02009d00                kernel__threads___elabb
                0x02009d10                kernel__threads___init_proc
                0x02009d1c                kernel__threads___init_proc__2
                0x020099d8                kernel_get_priority
 .text          0x02009d60       0x28 /usr/local/openravenscar/lib/gcc-lib/sparc-ork-elf/2.8.1/adalib/libgnarl.a(kernel-threads-atcb.o)
                0x02009d78                kernel__threads__atcb___elabb
                0x02009d68                kernel__threads__atcb__thread_self_atcb
                0x02009d60                kernel__threads__atcb__set_atcb
 .text          0x02009d88      0x478 /usr/local/openravenscar/lib/gcc-lib/sparc-ork-elf/2.8.1/adalib/libgnarl.a(kernel-threads-queues.o)
                0x02009fa0                kernel__threads__queues__insert_alarm
                0x02009e44                kernel__threads__queues__insert_at_tail
                0x02009da0                kernel__threads__queues__insert_at_head
                0x0200a06c                kernel__threads__queues__extract_first_alarm
                0x02009f54                kernel__threads__queues__get_new_thread_descriptor
                0x0200a170                kernel__threads__queues___init_proc
                0x02009ee8                kernel__threads__queues__extract_from_ready
                0x0200a098                kernel__threads__queues__get_next_alarm_time
                0x0200a0cc                kernel__threads__queues___elabb
                0x02009f30                kernel__threads__queues__next_running
                0x02009d94                kernel__threads__queues__environment_thread_id
                0x02009d88                kernel__threads__queues__dummy_thread_id
 .text          0x0200a200      0x108 /usr/local/openravenscar/lib/gcc-lib/sparc-ork-elf/2.8.1/adalib/libgnarl.a(kernel-threads-protection.o)
                0x0200a224                kernel__threads__protection__leave_kernel
                0x0200a200                kernel__threads__protection__dispatch
                0x0200a2f8                kernel__threads__protection___elabb
                0x0200a210                kernel__threads__protection__enter_kernel
 .text          0x0200a308      0x3c4 /usr/local/openravenscar/lib/gcc-lib/sparc-ork-elf/2.8.1/adalib/libgnarl.a(kernel-time.o)
                0x0200a3c0                kernel_delay_until
                0x0200a308                kernel_clock
                0x0200a68c                kernel__time___elabb
 .text          0x0200a6cc       0x9c /usr/local/openravenscar/lib/gcc-lib/sparc-ork-elf/2.8.1/adalib/libgnarl.a(kernel-memory.o)
                0x0200a728                kernel__memory___elabb
                0x0200a6d4                kernel_new_stack
                0x0200a6cc                kernel_new_memory_region
 .text          0x0200a768       0x88 /usr/local/openravenscar/lib/gcc-lib/sparc-ork-elf/2.8.1/adalib/libgnarl.a(kernel-cpu_primitives.o)
                0x0200a768                kernel__cpu_primitives__context_switch
                0x0200a774                kernel__cpu_primitives__initialize_context
                0x0200a7e0                kernel__cpu_primitives___elabb
 .text          0x0200a7f0       0x44 /usr/local/openravenscar/lib/gcc-lib/sparc-ork-elf/2.8.1/adalib/libgnarl.a(kernel-peripherals-registers.o)
                0x0200a7f0                kernel__peripherals__registers___elabs
 .text          0x0200a834      0x6ac /usr/local/openravenscar/lib/gcc-lib/sparc-ork-elf/2.8.1/adalib/libgnarl.a(kernel-peripherals.o)
                0x0200a844                kernel__peripherals__stop_watch_dog
                0x0200a834                kernel__peripherals__to_vector
                0x0200a860                kernel__peripherals__init_clock
                0x0200ae2c                kernel__peripherals___elabb
                0x0200a944                kernel__peripherals__cancel_and_set_alarm
                0x0200a920                kernel__peripherals__init_board
                0x0200a958                kernel__peripherals__set_alarm
                0x0200aacc                kernel__peripherals__read_clock
                0x0200ab3c                kernel__peripherals__clear_alarm_interrupt
                0x0200ad6c                kernel__peripherals__uart_send
                0x0200ab44                kernel__peripherals__clear_clock_interrupt
                0x0200ac80                kernel__peripherals__init_uart
                0x0200a858                kernel__peripherals__memory_configuration
                0x0200ab4c                kernel__peripherals__protect_segment
                0x0200a83c                kernel__peripherals__priority_of_interrupt
 .text          0x0200aee0       0xe4 /usr/local/openravenscar/lib/gcc-lib/sparc-ork-elf/2.8.1/adalib/libgnarl.a(kernel-serial_output.o)
                0x0200af38                kernel_new_line
                0x0200af4c                kernel_put_line_c
                0x0200aef8                kernel__serial_output__put__2
                0x0200aee0                kernel_put_c
                0x0200af68                kernel__serial_output__put_line__2
                0x0200af98                kernel__serial_output___elabb
 .text          0x0200afc4      0x2dc /usr/local/openravenscar/lib/gcc-lib/sparc-ork-elf/2.8.1/adalib/libgnarl.a(context.o)
                0x0200b298                exit_from_context_switch
                0x0200afc4                context_switch
                0x0200afd0                context_trap
 .text          0x0200b2a0      0x60c /usr/local/openravenscar/lib/gcc-lib/sparc-ork-elf/2.8.1/adalib/libgnarl.a(install_handler.o)
                0x0200b358                set_next_running
                0x0200b2a0                enable_traps
                0x0200b304                install_trap_handler
                0x0200b2b4                install_int_handler
 .text          0x0200b8ac       0x34 /usr/local/openravenscar/lib/gcc-lib/sparc-ork-elf/2.8.1/adalib/libgnarl.a(int_level.o)
                0x0200b8ac                disable_interrupts
                0x0200b8c4                enable_interrupts
 .text          0x0200b8e0     0x25c0 /usr/local/openravenscar/lib/gcc-lib/sparc-ork-elf/2.8.1/adalib/libgnat.a(a-except.o)
                0x0200d148                ada__exceptions__sdp_table_sort_move
                0x0200d2a8                ada__exceptions__string_to_eid
                0x0200c964                __gnat_raise_nodefer_with_msg
                0x0200bb10                ada__exceptions__current_target_exception
                0x0200cadc                ada__exceptions__raise_from_signal_handler
                0x0200b960                ada__exceptions__address_image
                0x0200cd60                ada__exceptions__save_occurrence
                0x0200d944                __gnat_notify_exception
                0x0200c624                ada__exceptions__propagate_exception
                0x0200c498                ada__exceptions__exception_name_simple
                0x0200ccb4                __gnat_reraise
                0x0200ca44                __gnat_raise_exception
                0x0200b8e0                ada__exceptions___elabs
                0x0200ba68                __gnat_break_start
                0x0200ba54                ada__exceptions__allocate_machine_state
                0x0200bb34                ada__exceptions__deallocate_machine_state
                0x0200bde8                ada__exceptions__exception_information
                0x0200cc14                __gnat_raise_storage_error
                0x0200bba4                ada__exceptions__eo_to_string
                0x0200d0ac                ada__exceptions__sdp_table_sort_lt
                0x0200ddb8                ada__exceptions__raise_exception_no_defer
                0x0200c3a4                ada__exceptions__exception_name__2
                0x0200de60                ada__exceptions__zzz
                0x0200b950                ada__exceptions__poll
                0x0200cc34                ada__exceptions__raise_with_c_msg
                0x0200d9d8                ada__exceptions__unhandled_exception_terminate
                0x0200bb48                ada__exceptions__eid_to_string
                0x0200cdf4                ada__exceptions__save_occurrence__2
                0x0200cba0                ada__exceptions__raise_with_location
                0x0200cb78                ada__exceptions__raise_no_msg
                0x0200c2e0                ada__exceptions__exception_message
                0x0200d178                ada__exceptions__set_exception_c_msg
                0x0200d3d0                ada__exceptions__string_to_eo
                0x0200cbd4                __gnat_raise_constraint_error
                0x0200ccec                ada__exceptions__reraise_occurrence
                0x0200de68                ada__exceptions___elabb
                0x0200de90                ada__exceptions___init_proc
                0x0200c468                ada__exceptions__exception_name
                0x0200b958                ada__exceptions__aaa
                0x0200cd34                ada__exceptions__reraise_occurrence_no_defer
                0x0200bc04                ada__exceptions__exception_identity
                0x0200ce20                __gnat_SDP_Table_Build
                0x0200d93c                __gnat_unhandled_exception
                0x0200ba70                ada__exceptions__call_chain
                0x0200cc68                __gnat_raise_with_msg
                0x0200cbf4                __gnat_raise_program_error
 .text          0x0200dea0      0x2ec /usr/local/openravenscar/lib/gcc-lib/sparc-ork-elf/2.8.1/adalib/libgnat.a(a-filico.o)
                0x0200deec                ada__finalization__list_controller___deep_finalize__2
                0x0200e158                ada__finalization__list_controller___init_proc__2
                0x0200e11c                ada__finalization__list_controller__finalize
                0x0200dedc                ada__finalization__list_controller___size__2
                0x0200e134                ada__finalization__list_controller___init_proc
                0x0200e0e8                ada__finalization__list_controller__finalize__2
                0x0200df18                ada__finalization__list_controller___elabs
                0x0200dea0                ada__finalization__list_controller___size
                0x0200e0d0                ada__finalization__list_controller__initialize__2
                0x0200deb0                ada__finalization__list_controller___deep_finalize
 .text          0x0200e18c      0x560 /usr/local/openravenscar/lib/gcc-lib/sparc-ork-elf/2.8.1/adalib/libgnat.a(a-finali.o)
                0x0200e3ec                ada__finalization___size__4
                0x0200e66c                ada__finalization__initialize
                0x0200e684                ada__finalization__Oeq__2
                0x0200e6ac                ada__finalization___init_proc
                0x0200e1b4                ada__finalization___write__3
                0x0200e6a4                ada__finalization__finalize__2
                0x0200e18c                ada__finalization___size__3
                0x0200e19c                ada__finalization___read__3
                0x0200e674                ada__finalization__adjust
                0x0200e6cc                ada__finalization___init_proc__2
                0x0200e428                ada__finalization___elabs
                0x0200e67c                ada__finalization__finalize
                0x0200e398                ada__finalization___deep_adjust
                0x0200e69c                ada__finalization__initialize__2
                0x0200e1cc                ada__finalization___assign__3
                0x0200e3c0                ada__finalization___deep_finalize
                0x0200e3fc                ada__finalization___deep_finalize__2
 .text          0x0200e6ec       0x6c /usr/local/openravenscar/lib/gcc-lib/sparc-ork-elf/2.8.1/adalib/libgnat.a(a-ioexce.o)
                0x0200e6ec                ada__io_exceptions___elabs
 .text          0x0200e758     0x1e98 /usr/local/openravenscar/lib/gcc-lib/sparc-ork-elf/2.8.1/adalib/libgnat.a(a-nuelfu.o)
                0x02010214                ada__numerics__elementary_functions__sinh
                0x0200f09c                ada__numerics__elementary_functions__arcsin
                0x0200ee84                ada__numerics__elementary_functions__arccosh
                0x0200f2c8                ada__numerics__elementary_functions__arcsinh
                0x0200e758                ada__numerics__elementary_functions__Oexpon
                0x0200ef98                ada__numerics__elementary_functions__arccoth
                0x0200ef7c                ada__numerics__elementary_functions__arccot__2
                0x0200f170                ada__numerics__elementary_functions__arcsin__2
                0x0200f4f8                ada__numerics__elementary_functions__arctan__2
                0x0200ed18                ada__numerics__elementary_functions__arccos__2
                0x0200f7f8                ada__numerics__elementary_functions__cos
                0x02010320                ada__numerics__elementary_functions__sqrt
                0x0201042c                ada__numerics__elementary_functions__tan__2
                0x02010118                ada__numerics__elementary_functions__sin__2
                0x0200ffa8                ada__numerics__elementary_functions__log__2
                0x0200f9fc                ada__numerics__elementary_functions__cot__2
                0x0201055c                ada__numerics__elementary_functions__tanh
                0x0200fb64                ada__numerics__elementary_functions__coth
                0x0200feec                ada__numerics__elementary_functions__log
                0x0200f8a8                ada__numerics__elementary_functions__cosh
                0x0200ef64                ada__numerics__elementary_functions__arccot
                0x0200f3e8                ada__numerics__elementary_functions__arctan
                0x020100d0                ada__numerics__elementary_functions__sin
                0x0200ec18                ada__numerics__elementary_functions__arccos
                0x0200f864                ada__numerics__elementary_functions__cos__2
                0x020103a4                ada__numerics__elementary_functions__tan
                0x0200fc58                ada__numerics__elementary_functions__exp
                0x0200f954                ada__numerics__elementary_functions__cot
                0x0200f66c                ada__numerics__elementary_functions__arctanh
 .text          0x020105f0       0x18 /usr/local/openravenscar/lib/gcc-lib/sparc-ork-elf/2.8.1/adalib/libgnat.a(a-numeri.o)
                0x020105f0                ada__numerics___elabs
 .text          0x02010608       0xc0 /usr/local/openravenscar/lib/gcc-lib/sparc-ork-elf/2.8.1/adalib/libgnat.a(a-stream.o)
                0x02010620                ada__streams___elabs
                0x02010618                ada__streams___deep_finalize
                0x02010608                ada__streams___size
                0x020106b8                ada__streams___init_proc
 .text          0x020106c8      0x934 /usr/local/openravenscar/lib/gcc-lib/sparc-ork-elf/2.8.1/adalib/libgnat.a(a-tags.o)
                0x02010d30                ada__tags__length
                0x02010f9c                ada__tags___init_proc
                0x0201083c                ada__tags__external_tag_htable__removeXn
                0x02010e54                ada__tags__get_rc_offset
                0x02010f70                ada__tags__set_remotely_callable
                0x02010f38                ada__tags__set_prim_op_address
                0x02010f18                ada__tags__register_tag
                0x02010eb8                ada__tags__inherit_tsd
                0x020106c8                ada__tags___elabs
                0x02010e30                ada__tags__get_expanded_name
                0x02010f4c                ada__tags__set_expanded_name
                0x02010e60                ada__tags__get_remotely_callable
                0x02010a58                ada__tags__expanded_name
                0x020106e0                ada__tags__external_tag_htable__getXn
                0x02010e48                ada__tags__get_inheritance_depth
                0x02010e78                ada__tags__get_tsd
                0x02010934                ada__tags__external_tag_htable__setXn
                0x02010df0                ada__tags__cw_membership
                0x02010e80                ada__tags__inherit_dt
                0x02010788                ada__tags__external_tag_htable__get_nextXn
                0x02010b60                ada__tags__get_external_tag
                0x02010b84                ada__tags__internal_tag
                0x02010fa4                ada__tags___init_proc__2
                0x02010d8c                ada__tags___elabb
                0x02010f44                ada__tags__set_tsd
                0x02010f58                ada__tags__set_external_tag
                0x020109a8                ada__tags__get_ht_link
                0x02010d64                ada__tags__parent_size
                0x02010970                ada__tags__equal
                0x02010754                ada__tags__external_tag_htable__get_firstXn
                0x02010f2c                ada__tags__set_inheritance_depth
                0x02010adc                ada__tags__external_tag
                0x020107c4                ada__tags__external_tag_htable__get_non_nullXn
                0x02010e3c                ada__tags__get_prim_op_address
                0x02010f64                ada__tags__set_rc_offset
                0x02010a14                ada__tags__hash
                0x020108f4                ada__tags__external_tag_htable__resetXn
                0x02010a4c                ada__tags__set_ht_link
                0x02010fb0                ada__tags__external_tag_htable___init_procXn
 .text          0x02010ffc      0x25c /usr/local/openravenscar/lib/gcc-lib/sparc-ork-elf/2.8.1/adalib/libgnat.a(g-except.o)
                0x02011148                gnat__exceptions___deep_finalize
                0x02011014                gnat__exceptions___write
                0x02011050                gnat__exceptions___output
                0x02011070                gnat__exceptions___assign
                0x0201101c                gnat__exceptions___input
                0x02011150                gnat__exceptions___elabs
                0x0201100c                gnat__exceptions___read
                0x02010ffc                gnat__exceptions___size
                0x02011248                gnat__exceptions___init_proc
                0x02011068                gnat__exceptions__Oeq
                0x02011140                gnat__exceptions___deep_adjust
 .text          0x02011258      0x174 /usr/local/openravenscar/lib/gcc-lib/sparc-ork-elf/2.8.1/adalib/libgnat.a(g-hesora.o)
                0x02011328                gnat__heap_sort_a__sort
 .text          0x020113cc      0xc6c /usr/local/openravenscar/lib/gcc-lib/sparc-ork-elf/2.8.1/adalib/libgnat.a(i-c.o)
                0x02011cdc                interfaces__c__to_c__4
                0x0201181c                interfaces__c__to_ada__6
                0x02011430                interfaces__c__is_nul_terminated__2
                0x02011480                interfaces__c__to_ada
                0x02011488                interfaces__c__to_ada__2
                0x02011944                interfaces__c__to_c
                0x020113e4                interfaces__c__is_nul_terminated
                0x02011e90                interfaces__c__to_c__6
                0x020115bc                interfaces__c__to_ada__3
                0x020113cc                interfaces__c___elabs
                0x02011b44                interfaces__c__to_c__3
                0x020116dc                interfaces__c__to_ada__5
                0x02011ce4                interfaces__c__to_c__5
                0x0201194c                interfaces__c__to_c__2
                0x020116d4                interfaces__c__to_ada__4
 .text          0x02012038     0x13b4 /usr/local/openravenscar/lib/gcc-lib/sparc-ork-elf/2.8.1/adalib/libgnat.a(s-arit64.o)
                0x02012174                system__arith_64__hi
                0x0201271c                system__arith_64__scaled_divide
                0x020126ec                system__arith_64__raise_error
                0x020120ec                system__arith_64__Odivide
                0x02012060                system__arith_64__Oadd__2
                0x02013318                system__arith_64__subtract_with_ovflo_check
                0x02012090                system__arith_64__Omultiply
                0x02012184                system__arith_64__lo
                0x020120c0                system__arith_64__Omultiply__2
                0x020121f8                system__arith_64__double_divide
                0x020124e8                system__arith_64__multiply_with_ovflo_check
                0x020133cc                system__arith_64__to_pos_int
                0x02012038                system__arith_64__Oadd
                0x02012144                system__arith_64__Oconcat
                0x02013394                system__arith_64__to_neg_int
                0x02012118                system__arith_64__Orem
                0x0201218c                system__arith_64__add_with_ovflo_check
                0x02012078                system__arith_64__Osubtract
 .text          0x020133ec      0x16c /usr/local/openravenscar/lib/gcc-lib/sparc-ork-elf/2.8.1/adalib/libgnat.a(s-except.o)
                0x02013410                system__exceptions___init_proc
                0x020133ec                system__exceptions___elabs
                0x020134b8                system__exceptions___init_proc__4
                0x02013458                system__exceptions___init_proc__3
                0x020134f8                system__exceptions___init_proc__5
                0x02013418                system__exceptions___init_proc__2
 .text          0x02013558      0x54c /usr/local/openravenscar/lib/gcc-lib/sparc-ork-elf/2.8.1/adalib/libgnat.a(s-exctab.o)
                0x0201386c                system__exception_table__get_key
                0x02013600                system__exception_table__exception_htable__get_nextXn
                0x02013834                system__exception_table__equal
                0x020137ac                system__exception_table__exception_htable__setXn
                0x02013a58                system__exception_table__exception_htable___init_procXn
                0x02013558                system__exception_table__exception_htable__getXn
                0x020137f0                system__exception_table__get_ht_link
                0x0201376c                system__exception_table__exception_htable__resetXn
                0x020137e8                system__exception_table__set_ht_link
                0x02013874                system__exception_table__internal_exception
                0x0201363c                system__exception_table__exception_htable__get_non_nullXn
                0x020137f8                system__exception_table__hash
                0x020135cc                system__exception_table__exception_htable__get_firstXn
                0x020139a8                system__exception_table___elabb
                0x02013994                system__exception_table__register_exception
                0x020136b4                system__exception_table__exception_htable__removeXn
 .text          0x02013aa4      0x1c4 /usr/local/openravenscar/lib/gcc-lib/sparc-ork-elf/2.8.1/adalib/libgnat.a(s-exnflt.o)
                0x02013aa4                system__exn_flt__exn_float
 .text          0x02013c68      0xb2c /usr/local/openravenscar/lib/gcc-lib/sparc-ork-elf/2.8.1/adalib/libgnat.a(s-fatflt.o)
                0x0201461c                system__fat_flt__fat_float__truncation
                0x02013dac                system__fat_flt__fat_float__decompose
                0x02014140                system__fat_flt__fat_float__model
                0x02014048                system__fat_flt__fat_float__floor
                0x02014154                system__fat_flt__fat_float__pred
                0x0201441c                system__fat_flt__fat_float__scaling
                0x020140d0                system__fat_flt__fat_float__leading_part
                0x020146cc                system__fat_flt__fat_float__unbiased_rounding
                0x02013cc0                system__fat_flt__fat_float__ceiling
                0x02013d20                system__fat_flt__fat_float__compose
                0x02014020                system__fat_flt__fat_float__exponent
                0x020140a8                system__fat_flt__fat_float__fraction
                0x02013f98                system__fat_flt__fat_float__gradual_scaling
                0x0201420c                system__fat_flt__fat_float__remainder
                0x02014394                system__fat_flt__fat_float__rounding
                0x02013c68                system__fat_flt__fat_float__adjacent
                0x02014534                system__fat_flt__fat_float__succ
                0x02014774                system__fat_flt__fat_float__valid
                0x02013d50                system__fat_flt__fat_float__copy_sign
                0x0201412c                system__fat_flt__fat_float__machine
 .text          0x02014794     0x13dc /usr/local/openravenscar/lib/gcc-lib/sparc-ork-elf/2.8.1/adalib/libgnat.a(s-finimp.o)
                0x020159b4                system__finalization_implementation__deep_tag_attach
                0x020149c0                system__finalization_implementation___read__2
                0x02015014                system__finalization_implementation__detach_from_final_list
                0x02014858                system__finalization_implementation___output
                0x02015470                system__finalization_implementation__finalize_list
                0x02014a8c                system__finalization_implementation__Oeq__2
                0x02015b40                system__finalization_implementation___init_proc__2
                0x020148b8                system__finalization_implementation___assign
                0x02015a6c                system__finalization_implementation__initialize__2
                0x02014e78                system__finalization_implementation__attach_to_final_list
                0x02015818                system__finalization_implementation__deep_tag_adjust
                0x02014ad4                system__finalization_implementation___assign__2
                0x02014870                system__finalization_implementation__Oeq
                0x02014800                system__finalization_implementation___input
                0x020147dc                system__finalization_implementation___write
                0x02015728                system__finalization_implementation__deep_tag_initialize
                0x02015a64                system__finalization_implementation__initialize
                0x02015b1c                system__finalization_implementation___init_proc
                0x020149e4                system__finalization_implementation___write__2
                0x02014bd4                system__finalization_implementation___elabs
                0x02014a74                system__finalization_implementation___output__2
                0x02014a08                system__finalization_implementation___input__2
                0x020147a4                system__finalization_implementation___read
                0x020155dc                system__finalization_implementation__finalize_one
                0x020158e4                system__finalization_implementation__deep_tag_finalize
                0x020155b4                system__finalization_implementation__finalize_global_list
                0x02015b08                system__finalization_implementation__finalize
                0x020149b0                system__finalization_implementation___size__2
                0x02015ad4                system__finalization_implementation__adjust__2
                0x02014794                system__finalization_implementation___size
 .text          0x02015b70      0x658 /usr/local/openravenscar/lib/gcc-lib/sparc-ork-elf/2.8.1/adalib/libgnat.a(s-finroo.o)
                0x02015b70                system__finalization_root___size
                0x020161a4                system__finalization_root___init_proc__2
                0x02015b80                system__finalization_root___read
                0x02015eb8                system__finalization_root___elabs
                0x02015d70                system__finalization_root__Oeq__2
                0x02015d00                system__finalization_root___input__2
                0x02015b88                system__finalization_root___write
                0x02015b98                system__finalization_root___assign
                0x02016164                system__finalization_root__finalize
                0x02015d58                system__finalization_root___output__2
                0x02016104                system__finalization_root__initialize
                0x02015b90                system__finalization_root__Oeq
                0x02015c78                system__finalization_root___read__2
                0x02015cd0                system__finalization_root___write__2
                0x02015c68                system__finalization_root___size__2
                0x02016134                system__finalization_root__adjust
                0x02015dc8                system__finalization_root___assign__2
                0x02016194                system__finalization_root___init_proc
 .text          0x020161c8      0x1b4 /usr/local/openravenscar/lib/gcc-lib/sparc-ork-elf/2.8.1/adalib/libgnat.a(s-imgint.o)
                0x02016304                system__img_int__set_image_integer
                0x020161c8                system__img_int__image_integer
 .text          0x0201637c      0xbc8 /usr/local/openravenscar/lib/gcc-lib/sparc-ork-elf/2.8.1/adalib/libgnat.a(s-imgrea.o)
                0x0201637c                system__img_real__image_ordinary_fixed_point
                0x02016a68                system__img_real__set_image_real
                0x02016450                system__img_real__image_floating_point
 .text          0x02016f44      0x160 /usr/local/openravenscar/lib/gcc-lib/sparc-ork-elf/2.8.1/adalib/libgnat.a(s-imguns.o)
                0x02016f44                system__img_uns__image_unsigned
                0x02017064                system__img_uns__set_image_unsigned
 .text          0x020170a4       0x40 /usr/local/openravenscar/lib/gcc-lib/sparc-ork-elf/2.8.1/adalib/libgnat.a(s-mastop.o)
                0x020170bc                system__machine_state_operations__get_code_loc
                0x020170a4                system__machine_state_operations__allocate_machine_state
                0x020170dc                system__machine_state_operations__set_signal_machine_state
                0x020170b4                system__machine_state_operations__free_machine_state
                0x020170c4                system__machine_state_operations__machine_state_length
                0x020170ac                system__machine_state_operations__enter_handler
                0x020170d4                system__machine_state_operations__set_machine_state
                0x020170cc                system__machine_state_operations__pop_frame
 .text          0x020170e4       0x50 /usr/local/openravenscar/lib/gcc-lib/sparc-ork-elf/2.8.1/adalib/libgnat.a(s-parame.o)
                0x020170ec                system__parameters__minimum_stack_size
                0x020170f4                system__parameters__adjust_storage_size
                0x020170e4                system__parameters__default_stack_size
 .text          0x02017134      0x314 /usr/local/openravenscar/lib/gcc-lib/sparc-ork-elf/2.8.1/adalib/libgnat.a(s-secsta.o)
                0x02017440                system__secondary_stack___init_proc__2
                0x020173e4                system__secondary_stack___elabb
                0x02017134                system__secondary_stack__ss_allocate
                0x02017328                system__secondary_stack__ss_free
                0x020173c4                system__secondary_stack__ss_release
                0x020173a4                system__secondary_stack__ss_mark
                0x0201742c                system__secondary_stack___init_proc
                0x020172c4                system__secondary_stack__ss_init
 .text          0x02017448      0x1fc /usr/local/openravenscar/lib/gcc-lib/sparc-ork-elf/2.8.1/adalib/libgnat.a(s-sopco3.o)
                0x02017448                system__string_ops_concat_3__str_concat_3
 .text          0x02017644      0x1e4 /usr/local/openravenscar/lib/gcc-lib/sparc-ork-elf/2.8.1/adalib/libgnat.a(s-stache.o)
                0x02017644                system__stack_checking___elabs
                0x0201765c                _gnat_stack_check
                0x020177e0                system__stack_checking__set_stack_size
                0x02017818                system__stack_checking___init_proc
                0x020176e8                system__stack_checking__invalidate_stack_cache
                0x02017808                system__stack_checking__update_stack_cache
 .text          0x02017828       0x28 /usr/local/openravenscar/lib/gcc-lib/sparc-ork-elf/2.8.1/adalib/libgnat.a(s-stalib.o)
                0x02017828                system__standard_library__abort_undefer_direct
                0x02017844                system__standard_library___init_proc
 .text          0x02017850       0x64 /usr/local/openravenscar/lib/gcc-lib/sparc-ork-elf/2.8.1/adalib/libgnat.a(s-stoele.o)
                0x02017870                system__storage_elements__Omod
                0x020178a4                system__storage_elements__to_address
                0x02017858                system__storage_elements__Oadd__2
                0x02017860                system__storage_elements__Osubtract
                0x02017850                system__storage_elements__Oadd
                0x020178ac                system__storage_elements__to_integer
                0x02017868                system__storage_elements__Osubtract__2
 .text          0x020178b4     0x102c /usr/local/openravenscar/lib/gcc-lib/sparc-ork-elf/2.8.1/adalib/libgnat.a(s-stratt.o)
                0x02017fcc                system__stream_attributes__i_si
                0x02018284                system__stream_attributes__w_ad
                0x020179bc                system__stream_attributes__i_b
                0x02018378                system__stream_attributes__w_c
                0x02017b94                system__stream_attributes__i_lf
                0x02017f44                system__stream_attributes__i_sf
                0x02018800                system__stream_attributes__w_su
                0x02017a20                system__stream_attributes__i_c
                0x02017cc4                system__stream_attributes__i_llf
                0x0201810c                system__stream_attributes__i_su
                0x02017e14                system__stream_attributes__i_llu
                0x020186fc                system__stream_attributes__w_sf
                0x02018184                system__stream_attributes__i_u
                0x0201889c                system__stream_attributes__w_wc
                0x020178b4                system__stream_attributes__i_ad
                0x02018844                system__stream_attributes__w_u
                0x020186a4                system__stream_attributes__w_lu
                0x02018344                system__stream_attributes__w_b
                0x020185ac                system__stream_attributes__w_lli
                0x020180a8                system__stream_attributes__i_ssu
                0x02017c3c                system__stream_attributes__i_li
                0x02018798                system__stream_attributes__w_ssi
                0x02018754                system__stream_attributes__w_si
                0x0201845c                system__stream_attributes__w_lf
                0x02018044                system__stream_attributes__i_ssi
                0x02017a84                system__stream_attributes__i_f
                0x020184d8                system__stream_attributes__w_li
                0x020182f4                system__stream_attributes__w_as
                0x02018404                system__stream_attributes__w_i
                0x02017b0c                system__stream_attributes__i_i
                0x02017d6c                system__stream_attributes__i_lli
                0x0201820c                system__stream_attributes__i_wc
                0x02018530                system__stream_attributes__w_llf
                0x020187cc                system__stream_attributes__w_ssu
                0x0201792c                system__stream_attributes__i_as
                0x020183ac                system__stream_attributes__w_f
                0x02018628                system__stream_attributes__w_llu
                0x02017ebc                system__stream_attributes__i_lu
 .text          0x020188e0      0x5b8 /usr/local/openravenscar/lib/gcc-lib/sparc-ork-elf/2.8.1/adalib/libgnat.a(s-strops.o)
                0x02018d04                system__string_ops__str_equal
                0x02018bdc                system__string_ops__str_concat_sc
                0x02018e14                system__string_ops__str_normalize
                0x020188e0                system__string_ops__str_concat
                0x02018b00                system__string_ops__str_concat_cs
                0x02018e54                system__string_ops__wide_str_normalize
                0x02018aa0                system__string_ops__str_concat_cc
 .text          0x02018e98      0x298 /usr/local/openravenscar/lib/gcc-lib/sparc-ork-elf/2.8.1/adalib/libgnat.a(s-soflin.o)
                0x02018ffc                system__soft_links__set_jmpbuf_address_soft
                0x02018f68                system__soft_links__get_stack_info_nt
                0x020190c4                system__soft_links___elabb
                0x02018f5c                system__soft_links__get_current_excep_nt
                0x0201906c                system__soft_links__set_exc_stack_addr_soft
                0x02018e98                system__soft_links__abort_defer_nt
                0x02018ecc                system__soft_links__check_abort_status_nt
                0x02018f14                system__soft_links__get_sec_stack_addr_nt
                0x02018f08                system__soft_links__set_jmpbuf_address_nt
                0x02018eec                system__soft_links__task_lock_nt
                0x020190a8                system__soft_links__set_machine_state_addr_soft
                0x02018edc                system__soft_links__current_master_nt
                0x02018ea0                system__soft_links__abort_handler_nt
                0x02018f98                system__soft_links__destroy_tsd
                0x02019050                system__soft_links__get_exc_stack_addr_soft
                0x02018efc                system__soft_links__get_jmpbuf_address_nt
                0x02018ea8                system__soft_links__abort_undefer_nt
                0x02018f74                system__soft_links__create_tsd
                0x02018f38                system__soft_links__set_machine_state_addr_nt
                0x02018f20                system__soft_links__set_sec_stack_addr_nt
                0x02018eb0                system__soft_links__update_exception_nt
                0x02018f50                system__soft_links__set_exc_stack_addr_nt
                0x02019104                system__soft_links___init_proc
                0x02018fe0                system__soft_links__get_jmpbuf_address_soft
                0x02018ee4                system__soft_links__enter_master_nt
                0x0201908c                system__soft_links__get_machine_state_addr_soft
                0x02019034                system__soft_links__set_sec_stack_addr_soft
                0x02018ef4                system__soft_links__task_unlock_nt
                0x02018fbc                system__soft_links__get_gnat_exception
                0x02019018                system__soft_links__get_sec_stack_addr_soft
                0x02018ed4                system__soft_links__complete_master_nt
                0x02018f2c                system__soft_links__get_machine_state_addr_nt
                0x02018f44                system__soft_links__get_exc_stack_addr_nt
 .text          0x02019130       0x68 /usr/local/openravenscar/lib/gcc-lib/sparc-ork-elf/2.8.1/adalib/libgnat.a(s-traceb.o)
                0x02019144                system__traceback__get_code_loc
                0x0201916c                system__traceback__pop_frame
                0x02019158                system__traceback__free_machine_state
                0x02019130                system__traceback__allocate_machine_state
                0x02019184                system__traceback__set_machine_state
 .text          0x02019198       0xfc /usr/local/openravenscar/lib/gcc-lib/sparc-ork-elf/2.8.1/adalib/libgnat.a(a-argv.o)
                0x02019260                fill_env
                0x02019204                env_count
                0x02019240                len_env
                0x02019198                arg_count
                0x020191a4                gnat_argval
                0x020191d0                fill_arg
                0x020191b0                len_arg
 .text          0x02019294      0x14c /usr/local/openravenscar/lib/gcc-lib/sparc-ork-elf/2.8.1/adalib/libgnat.a(a-cio.o)
                0x020192b4                put_int
                0x020192d0                get_char
                0x02019294                get_int
                0x020193c0                put_char_stderr
                0x02019320                put_char
 .text          0x020193e0        0xc /usr/local/openravenscar/lib/gcc-lib/sparc-ork-elf/2.8.1/adalib/libgnat.a(a-exit.o)
                0x020193e0                set_gnat_exit_status
 .text          0x020193ec      0x1f4 /usr/local/openravenscar/lib/gcc-lib/sparc-ork-elf/2.8.1/adalib/libgnat.a(a-raise.o)
                0x020193ec                _gnat_builtin_longjmp
                0x02019444                __gnat_malloc
                0x020194fc                __gnat_free
                0x0201942c                __gnat_unhandled_terminate
                0x02019538                __gnat_realloc
 .text          0x020195e0      0x410 /usr/local/openravenscar/lib/gcc-lib/sparc-ork-elf/2.8.1/adalib/libgnat.a(a-init.o)
                0x020197d4                __gnat_pop_frame
                0x020199e8                __gnat_init_float
                0x020195e0                __gnat_set_globals
                0x020199e0                __gnat_get_code_loc
                0x02019638                __gnat_initialize
                0x02019924                __gnat_enter_handler
                0x020199d8                __gnat_machine_state_length
                0x02019878                __gnat_set_machine_state
 .text          0x020199f0        0x8 /usr/local/openravenscar/lib/gcc-lib/sparc-ork-elf/2.8.1/adalib/libgnat.a(a-final.o)
                0x020199f0                __gnat_finalize
 .text          0x020199f8      0xc1c /usr/local/openravenscar/lib/gcc-lib/sparc-ork-elf/2.8.1/adalib/libgnat.a(s-fatllf.o)
                0x02019afc                system__fat_llf__fat_long_long_float__copy_sign
                0x02019d6c                system__fat_llf__fat_long_long_float__gradual_scaling
                0x0201a540                system__fat_llf__fat_long_long_float__unbiased_rounding
                0x02019e04                system__fat_llf__fat_long_long_float__exponent
                0x02019ac8                system__fat_llf__fat_long_long_float__compose
                0x02019e30                system__fat_llf__fat_long_long_float__floor
                0x020199f8                system__fat_llf__fat_long_long_float__adjacent
                0x02019f5c                system__fat_llf__fat_long_long_float__pred
                0x02019e9c                system__fat_llf__fat_long_long_float__fraction
                0x0201a01c                system__fat_llf__fat_long_long_float__remainder
                0x0201a264                system__fat_llf__fat_long_long_float__scaling
                0x02019a5c                system__fat_llf__fat_long_long_float__ceiling
                0x02019b60                system__fat_llf__fat_long_long_float__decompose
                0x0201a38c                system__fat_llf__fat_long_long_float__succ
                0x02019ec8                system__fat_llf__fat_long_long_float__leading_part
                0x0201a1cc                system__fat_llf__fat_long_long_float__rounding
                0x02019f44                system__fat_llf__fat_long_long_float__model
                0x0201a5ec                system__fat_llf__fat_long_long_float__valid
                0x0201a47c                system__fat_llf__fat_long_long_float__truncation
                0x02019f30                system__fat_llf__fat_long_long_float__machine
 .text          0x0201a614      0x18c /usr/local/openravenscar/lib/gcc-lib/sparc-ork-elf/2.8.1/adalib/libgnat.a(s-imgllu.o)
                0x0201a614                system__img_llu__image_long_long_unsigned
                0x0201a75c                system__img_llu__set_image_long_long_unsigned
 .text          0x0201a7a0      0x894 /usr/local/openravenscar/lib/gcc-lib/sparc-ork-elf/2.8.1/adalib/libgnat.a(a-adaint.o)
                0x0201a930                get_object_suffix_ptr
                0x0201a8dc                Get_Default_Identifier_Character_Set
                0x0201a8c4                Get_Maximum_File_Name_Length
                0x0201a8d4                Get_File_Names_Case_Sensitive
                0x0201ab4c                file_time_name
                0x0201a8ec                Get_Pathsep_Char
                0x0201a9cc                open_read
                0x0201a8e4                Get_Dirsep_Char
                0x0201abe4                is_regular_file
                0x0201a8cc                Get_Switch_Character
                0x0201ad98                locate_regular_file
                0x0201afe8                to_canonical_file_list_next
                0x0201b014                to_host_dir_spec
                0x0201abc4                __gnat_file_exists
                0x0201aab8                __gnat_mkdir
                0x0201b00c                to_canonical_path_spec
                0x0201ac64                is_writable_file
                0x0201aa90                open_new_temp
                0x0201ac98                portable_spawn
                0x0201affc                to_canonical_dir_spec
                0x0201ab84                get_env_value_ptr
                0x0201ab68                file_time_fd
                0x0201ab44                readdir_is_thread_safe
                0x0201aa68                open_new
                0x0201a7a0                to_gm_time
                0x0201a814                Try_Lock
                0x0201b004                to_canonical_file_spec
                0x0201ad54                portable_wait
                0x0201afe0                to_canonical_file_list_init
                0x0201b02c                convert_addresses
                0x0201a964                get_executable_suffix_ptr
                0x0201ac24                is_directory
                0x0201aa40                open_append
                0x0201aa18                open_create
                0x0201a9f0                open_rw
                0x0201aad0                file_length
                0x0201ab10                readdir_gnat
                0x0201b024                adjust_os_resource_limits
                0x0201af24                locate_exec
                0x0201ad14                portable_no_block_spawn
                0x0201ad84                os_exit
                0x0201abb8                Get_Libraries_From_Registry
                0x0201aff4                to_canonical_file_list_free
                0x0201a8f4                Get_Current_Dir
                0x0201b01c                to_host_file_spec
                0x0201af98                locate_exec_on_path
                0x0201a998                get_debuggable_suffix_ptr
 .text          0x0201b034      0x294 /usr/local/openravenscar/sparc-ork-elf/lib/libm.a(s_atan.o)
                0x0201b034                atan
 .text          0x0201b2c8       0xf0 /usr/local/openravenscar/sparc-ork-elf/lib/libm.a(s_cos.o)
                0x0201b2c8                cos
 .text          0x0201b3b8       0x2c /usr/local/openravenscar/sparc-ork-elf/lib/libm.a(s_fabs.o)
                0x0201b3b8                fabs
 .text          0x0201b3e4       0xf0 /usr/local/openravenscar/sparc-ork-elf/lib/libm.a(s_sin.o)
                0x0201b3e4                sin
 .text          0x0201b4d4       0x9c /usr/local/openravenscar/sparc-ork-elf/lib/libm.a(s_tan.o)
                0x0201b4d4                tan
 .text          0x0201b570      0x134 /usr/local/openravenscar/sparc-ork-elf/lib/libm.a(s_tanh.o)
                0x0201b570                tanh
 .text          0x0201b6a4       0xf8 /usr/local/openravenscar/sparc-ork-elf/lib/libm.a(w_acos.o)
                0x0201b6a4                acos
 .text          0x0201b79c       0xf8 /usr/local/openravenscar/sparc-ork-elf/lib/libm.a(w_asin.o)
                0x0201b79c                asin
 .text          0x0201b894      0x1c0 /usr/local/openravenscar/sparc-ork-elf/lib/libm.a(w_exp.o)
                0x0201b894                exp
 .text          0x0201ba54      0x184 /usr/local/openravenscar/sparc-ork-elf/lib/libm.a(w_log.o)
                0x0201ba54                log
 .text          0x0201bbd8      0x60c /usr/local/openravenscar/sparc-ork-elf/lib/libm.a(w_pow.o)
                0x0201bbd8                pow
 .text          0x0201c1e4      0x118 /usr/local/openravenscar/sparc-ork-elf/lib/libm.a(w_sqrt.o)
                0x0201c1e4                sqrt
 .text          0x0201c2fc      0x3ac /usr/local/openravenscar/sparc-ork-elf/lib/libm.a(e_acos.o)
                0x0201c2fc                __ieee754_acos
 .text          0x0201c6a8      0x340 /usr/local/openravenscar/sparc-ork-elf/lib/libm.a(e_asin.o)
                0x0201c6a8                __ieee754_asin
 .text          0x0201c9e8      0x2f0 /usr/local/openravenscar/sparc-ork-elf/lib/libm.a(e_exp.o)
                0x0201c9e8                __ieee754_exp
 .text          0x0201ccd8      0x310 /usr/local/openravenscar/sparc-ork-elf/lib/libm.a(e_log.o)
                0x0201ccd8                __ieee754_log
 .text          0x0201cfe8      0x99c /usr/local/openravenscar/sparc-ork-elf/lib/libm.a(e_pow.o)
                0x0201cfe8                __ieee754_pow
 .text          0x0201d984      0x3d8 /usr/local/openravenscar/sparc-ork-elf/lib/libm.a(e_rem_pio2.o)
                0x0201d984                __ieee754_rem_pio2
 .text          0x0201dd5c      0x264 /usr/local/openravenscar/sparc-ork-elf/lib/libm.a(e_sqrt.o)
                0x0201dd5c                __ieee754_sqrt
 .text          0x0201dfc0      0x17c /usr/local/openravenscar/sparc-ork-elf/lib/libm.a(k_cos.o)
                0x0201dfc0                __kernel_cos
 .text          0x0201e13c      0x838 /usr/local/openravenscar/sparc-ork-elf/lib/libm.a(k_rem_pio2.o)
                0x0201e13c                __kernel_rem_pio2
 .text          0x0201e974      0x11c /usr/local/openravenscar/sparc-ork-elf/lib/libm.a(k_sin.o)
                0x0201e974                __kernel_sin
 .text          0x0201ea90      0x2b4 /usr/local/openravenscar/sparc-ork-elf/lib/libm.a(k_tan.o)
                0x0201ea90                __kernel_tan
 .text          0x0201ed44      0x40c /usr/local/openravenscar/sparc-ork-elf/lib/libm.a(s_expm1.o)
                0x0201ed44                expm1
 .text          0x0201f150       0x18 /usr/local/openravenscar/sparc-ork-elf/lib/libm.a(s_finite.o)
                0x0201f150                finite
 .text          0x0201f168      0x1a0 /usr/local/openravenscar/sparc-ork-elf/lib/libm.a(s_floor.o)
                0x0201f168                floor
 .text          0x0201f308       0x28 /usr/local/openravenscar/sparc-ork-elf/lib/libm.a(s_isnan.o)
                0x0201f308                isnan
 .text          0x0201f330        0x8 /usr/local/openravenscar/sparc-ork-elf/lib/libm.a(s_matherr.o)
                0x0201f330                matherr
 .text          0x0201f338      0x1c8 /usr/local/openravenscar/sparc-ork-elf/lib/libm.a(s_rint.o)
                0x0201f338                rint
 .text          0x0201f500      0x1d8 /usr/local/openravenscar/sparc-ork-elf/lib/libm.a(s_scalbn.o)
                0x0201f500                scalbn
 .text          0x0201f6d8       0x40 /usr/local/openravenscar/sparc-ork-elf/lib/libm.a(s_copysign.o)
                0x0201f6d8                copysign
 .text          0x0201f718        0x8 /usr/local/openravenscar/lib/gcc-lib/sparc-ork-elf/2.8.1/libgcc.a(__dummy.o)
                0x0201f718                __dummy
 .text          0x0201f720       0x48 /usr/local/openravenscar/lib/gcc-lib/sparc-ork-elf/2.8.1/libgcc.a(_ashldi3.o)
                0x0201f720                __ashldi3
 .text          0x0201f768       0x38 /usr/local/openravenscar/lib/gcc-lib/sparc-ork-elf/2.8.1/libgcc.a(_cmpdi2.o)
                0x0201f768                __cmpdi2
 .text          0x0201f7a0      0x3c0 /usr/local/openravenscar/lib/gcc-lib/sparc-ork-elf/2.8.1/libgcc.a(_divdi3.o)
                0x0201f7a0                __divdi3
 .text          0x0201fb60      0x1f4 /usr/local/openravenscar/lib/gcc-lib/sparc-ork-elf/2.8.1/libgcc.a(_divsi3.o)
                0x0201fb60                udiv
                0x0201fb6c                div
 .text          0x0201fd54       0x58 /usr/local/openravenscar/lib/gcc-lib/sparc-ork-elf/2.8.1/libgcc.a(_fixsfdi.o)
                0x0201fd54                __fixsfdi
 .text          0x0201fdac      0x1c0 /usr/local/openravenscar/lib/gcc-lib/sparc-ork-elf/2.8.1/libgcc.a(_fixunsdfdi.o)
                0x0201fdac                __fixunsdfdi
 .text          0x0201ff6c      0x1c8 /usr/local/openravenscar/lib/gcc-lib/sparc-ork-elf/2.8.1/libgcc.a(_fixunssfdi.o)
                0x0201ff6c                __fixunssfdi
 .text          0x02020134       0x54 /usr/local/openravenscar/lib/gcc-lib/sparc-ork-elf/2.8.1/libgcc.a(_floatdidf.o)
                0x02020134                __floatdidf
 .text          0x02020188       0xa8 /usr/local/openravenscar/lib/gcc-lib/sparc-ork-elf/2.8.1/libgcc.a(_floatdisf.o)
                0x02020188                __floatdisf
 .text          0x02020230       0x48 /usr/local/openravenscar/lib/gcc-lib/sparc-ork-elf/2.8.1/libgcc.a(_lshrdi3.o)
                0x02020230                __lshrdi3
 .text          0x02020278      0x1f4 /usr/local/openravenscar/lib/gcc-lib/sparc-ork-elf/2.8.1/libgcc.a(_modsi3.o)
                0x02020278                urem
                0x02020284                rem
 .text          0x0202046c       0xe0 /usr/local/openravenscar/lib/gcc-lib/sparc-ork-elf/2.8.1/libgcc.a(_muldi3.o)
                0x0202046c                __muldi3
 .text          0x0202054c       0xe8 /usr/local/openravenscar/lib/gcc-lib/sparc-ork-elf/2.8.1/libgcc.a(_mulsi3.o)
                0x0202054c                umul
 .text          0x02020634      0x340 /usr/local/openravenscar/lib/gcc-lib/sparc-ork-elf/2.8.1/libgcc.a(_udivdi3.o)
                0x02020634                __udivdi3
 .text          0x02020974      0x39c /usr/local/openravenscar/lib/gcc-lib/sparc-ork-elf/2.8.1/libgcc.a(_umoddi3.o)
                0x02020974                __umoddi3
 .text          0x02020d10      0xa48 /usr/local/openravenscar/lib/gcc-lib/sparc-ork-elf/2.8.1/libgcc.a(frame.o)
                0x02021634                __frame_state_for
                0x020215cc                __deregister_frame_info
                0x020215a4                __register_frame_info_table
                0x0202157c                __register_frame_info
 .text          0x02021758       0x20 /usr/local/openravenscar/sparc-ork-elf/lib/libc.a(abort.o)
                0x02021758                abort
 .text          0x02021778       0x1c /usr/local/openravenscar/sparc-ork-elf/lib/libc.a(atoi.o)
                0x02021778                atoi
 .text          0x02021794        0xc /usr/local/openravenscar/sparc-ork-elf/lib/libc.a(errno.o)
                0x02021794                __errno
 .text          0x020217a0       0x8c /usr/local/openravenscar/sparc-ork-elf/lib/libc.a(exit.o)
                0x020217a0                exit
 .text          0x0202182c       0x90 /usr/local/openravenscar/sparc-ork-elf/lib/libc.a(fputc.o)
                0x0202182c                fputc
 .text          0x020218bc       0x40 /usr/local/openravenscar/sparc-ork-elf/lib/libc.a(getenv.o)
                0x020218dc                getenv
                0x020218bc                _findenv
 .text          0x020218fc      0x100 /usr/local/openravenscar/sparc-ork-elf/lib/libc.a(getenv_r.o)
                0x020218fc                _findenv_r
                0x020219e0                _getenv_r
 .text          0x020219fc       0x1c /usr/local/openravenscar/sparc-ork-elf/lib/libc.a(gmtime.o)
                0x020219fc                gmtime
 .text          0x02021a18       0x20 /usr/local/openravenscar/sparc-ork-elf/lib/libc.a(lcltime.o)
                0x02021a18                localtime
 .text          0x02021a38      0x21c /usr/local/openravenscar/sparc-ork-elf/lib/libc.a(lcltime_r.o)
                0x02021a38                localtime_r
 .text          0x02021c54       0x38 /usr/local/openravenscar/sparc-ork-elf/lib/libc.a(malloc.o)
                0x02021c54                malloc
                0x02021c70                free
 .text          0x02021c8c      0x774 /usr/local/openravenscar/sparc-ork-elf/lib/libc.a(mallocr.o)
                0x02021e58                _malloc_r
 .text          0x02022400       0x80 /usr/local/openravenscar/sparc-ork-elf/lib/libc.a(memcmp.o)
                0x02022400                memcmp
 .text          0x02022480       0xc4 /usr/local/openravenscar/sparc-ork-elf/lib/libc.a(memcpy.o)
                0x02022480                memcpy
 .text          0x02022544       0xa4 /usr/local/openravenscar/sparc-ork-elf/lib/libc.a(memset.o)
                0x02022544                memset
 .text          0x020225e8       0x10 /usr/local/openravenscar/sparc-ork-elf/lib/libc.a(mlock.o)
                0x020225f0                __malloc_unlock
                0x020225e8                __malloc_lock
 .text          0x020225f8       0x70 /usr/local/openravenscar/sparc-ork-elf/lib/libc.a(printf.o)
                0x02022628                printf
                0x020225f8                _printf_r
 .text          0x02022668       0x20 /usr/local/openravenscar/sparc-ork-elf/lib/libc.a(realloc.o)
                0x02022668                realloc
 .text          0x02022688      0x50c /usr/local/openravenscar/sparc-ork-elf/lib/libc.a(reallocr.o)
                0x02022688                _realloc_r
 .text          0x02022b94       0x40 /usr/local/openravenscar/sparc-ork-elf/lib/libc.a(rget.o)
                0x02022b94                __srget
 .text          0x02022bd4       0x34 /usr/local/openravenscar/sparc-ork-elf/lib/libc.a(sbrkr.o)
                0x02022bd4                _sbrk_r
 .text          0x02022c08       0x64 /usr/local/openravenscar/sparc-ork-elf/lib/libc.a(scanf.o)
                0x02022c40                _scanf_r
                0x02022c08                scanf
 .text          0x02022c6c      0x24c /usr/local/openravenscar/sparc-ork-elf/lib/libc.a(signal.o)
                0x02022cc8                _signal_r
                0x02022d24                _raise_r
                0x02022dc0                __sigtramp_r
                0x02022e64                signal
                0x02022e84                _init_signal
                0x02022c6c                _init_signal_r
                0x02022e9c                __sigtramp
                0x02022e48                raise
 .text          0x02022eb8       0x4c /usr/local/openravenscar/sparc-ork-elf/lib/libc.a(signalr.o)
                0x02022eb8                _kill_r
                0x02022ef0                _getpid_r
 .text          0x02022f04       0xb4 /usr/local/openravenscar/sparc-ork-elf/lib/libc.a(sprintf.o)
                0x02022f04                _sprintf_r
                0x02022f58                sprintf
 .text          0x02022fb8       0x8c /usr/local/openravenscar/sparc-ork-elf/lib/libc.a(strcat.o)
                0x02022fb8                strcat
 .text          0x02023044       0xb8 /usr/local/openravenscar/sparc-ork-elf/lib/libc.a(strcmp.o)
                0x02023044                strcmp
 .text          0x020230fc       0x8c /usr/local/openravenscar/sparc-ork-elf/lib/libc.a(strcpy.o)
                0x020230fc                strcpy
 .text          0x02023188       0x78 /usr/local/openravenscar/sparc-ork-elf/lib/libc.a(strlen.o)
                0x02023188                strlen
 .text          0x02023200       0xcc /usr/local/openravenscar/sparc-ork-elf/lib/libc.a(strncmp.o)
                0x02023200                strncmp
 .text          0x020232cc       0xd4 /usr/local/openravenscar/sparc-ork-elf/lib/libc.a(strncpy.o)
                0x020232cc                strncpy
 .text          0x020233a0       0x68 /usr/local/openravenscar/sparc-ork-elf/lib/libc.a(strstr.o)
                0x020233a0                strstr
 .text          0x02023408      0x1f8 /usr/local/openravenscar/sparc-ork-elf/lib/libc.a(strtol.o)
                0x020235dc                strtol
                0x02023408                _strtol_r
 .text          0x02023600     0x19c4 /usr/local/openravenscar/sparc-ork-elf/lib/libc.a(vfprintf.o)
                0x02023704                _vfprintf_r
                0x020236e4                vfprintf
 .text          0x02024fc4      0xf30 /usr/local/openravenscar/sparc-ork-elf/lib/libc.a(vfscanf.o)
                0x02024fc4                __svfscanf
                0x02025e14                __sccl
 .text          0x02025ef4      0x10c /usr/local/openravenscar/sparc-ork-elf/lib/libc.a(wbuf.o)
                0x02025ef4                __swbuf
 .text          0x02026000      0x10c /usr/local/openravenscar/sparc-ork-elf/lib/libc.a(wsetup.o)
                0x02026000                __swsetup
 .text          0x0202610c       0x18 /usr/local/openravenscar/sparc-ork-elf/lib/libc.a(atof.o)
                0x0202610c                atof
 .text          0x02026124     0x1250 /usr/local/openravenscar/sparc-ork-elf/lib/libc.a(dtoa.o)
                0x02026310                _dtoa_r
 .text          0x02027374       0x10 /usr/local/openravenscar/sparc-ork-elf/lib/libc.a(envlock.o)
                0x0202737c                __env_unlock
                0x02027374                __env_lock
 .text          0x02027384       0xf0 /usr/local/openravenscar/sparc-ork-elf/lib/libc.a(fflush.o)
                0x02027384                fflush
 .text          0x02027474      0x228 /usr/local/openravenscar/sparc-ork-elf/lib/libc.a(findfp.o)
                0x0202762c                __sinit
                0x020274d0                __sfmoreglue
                0x02027614                _cleanup
                0x020275f8                _cleanup_r
                0x02027528                __sfp
 .text          0x0202769c       0xcc /usr/local/openravenscar/sparc-ork-elf/lib/libc.a(fread.o)
                0x0202769c                fread
 .text          0x02027768      0x3c0 /usr/local/openravenscar/sparc-ork-elf/lib/libc.a(freer.o)
                0x02027768                _free_r
                0x02027a04                _malloc_trim_r
 .text          0x02027b28      0x380 /usr/local/openravenscar/sparc-ork-elf/lib/libc.a(fvwrite.o)
                0x02027b28                __sfvwrite
 .text          0x02027ea8       0x60 /usr/local/openravenscar/sparc-ork-elf/lib/libc.a(fwalk.o)
                0x02027ea8                _fwalk
 .text          0x02027f08       0xa4 /usr/local/openravenscar/sparc-ork-elf/lib/libc.a(locale.o)
                0x02027f08                _setlocale_r
                0x02027f68                _localeconv_r
                0x02027f74                setlocale
                0x02027f94                localeconv
 .text          0x02027fac      0x144 /usr/local/openravenscar/sparc-ork-elf/lib/libc.a(makebuf.o)
                0x02027fac                __smakebuf
 .text          0x020280f0       0x58 /usr/local/openravenscar/sparc-ork-elf/lib/libc.a(mbtowc_r.o)
                0x020280f0                _mbtowc_r
 .text          0x02028148       0xd4 /usr/local/openravenscar/sparc-ork-elf/lib/libc.a(memchr.o)
                0x02028148                memchr
 .text          0x0202821c      0x110 /usr/local/openravenscar/sparc-ork-elf/lib/libc.a(memmove.o)
                0x0202821c                memmove
 .text          0x0202832c      0xd14 /usr/local/openravenscar/sparc-ork-elf/lib/libc.a(mprec.o)
                0x02028ff4                _mprec_log10
                0x020285a0                _hi0bits
                0x0202832c                _Balloc
                0x02028e30                _d2b
                0x02028710                _multiply
                0x02028f64                _ratio
                0x020284e0                _s2b
                0x020286ec                _i2b
                0x02028620                _lo0bits
                0x02028ae0                __mcmp
                0x020288fc                _pow5mult
                0x02028ca4                _ulp
                0x02028d30                _b2d
                0x020283fc                _multadd
                0x02028b48                __mdiff
                0x020289e4                _lshift
                0x020283c4                _Bfree
 .text          0x02029040      0x19c /usr/local/openravenscar/sparc-ork-elf/lib/libc.a(refill.o)
                0x02029054                __srefill
 .text          0x020291dc       0x38 /usr/local/openravenscar/sparc-ork-elf/lib/libc.a(s_isinf.o)
                0x020291dc                isinf
 .text          0x02029214      0x104 /usr/local/openravenscar/sparc-ork-elf/lib/libc.a(stdio.o)
                0x020292b0                __sseek
                0x02029214                __sread
                0x02029300                __sclose
                0x02029260                __swrite
 .text          0x02029318      0xedc /usr/local/openravenscar/sparc-ork-elf/lib/libc.a(strtod.o)
                0x02029318                _strtod_r
                0x0202a1d8                strtodf
                0x0202a1b8                strtod
 .text          0x0202a1f4      0x1d8 /usr/local/openravenscar/sparc-ork-elf/lib/libc.a(strtoul.o)
                0x0202a3a8                strtoul
                0x0202a1f4                _strtoul_r
 .text          0x0202a3cc      0x228 /usr/local/openravenscar/sparc-ork-elf/lib/libc.a(ungetc.o)
                0x0202a47c                ungetc
                0x0202a3cc                __submore
 .text          0x0202a5f4       0x3c /usr/local/openravenscar/sparc-ork-elf/lib/libc.a(writer.o)
                0x0202a5f4                _write_r
 .text          0x0202a630       0xa8 /usr/local/openravenscar/sparc-ork-elf/lib/libc.a(callocr.o)
                0x0202a630                _calloc_r
 .text          0x0202a6d8       0x34 /usr/local/openravenscar/sparc-ork-elf/lib/libc.a(closer.o)
                0x0202a6d8                _close_r
 .text          0x0202a70c       0x38 /usr/local/openravenscar/sparc-ork-elf/lib/libc.a(fstatr.o)
                0x0202a70c                _fstat_r
 .text          0x0202a744       0x3c /usr/local/openravenscar/sparc-ork-elf/lib/libc.a(lseekr.o)
                0x0202a744                _lseek_r
 .text          0x0202a780       0x3c /usr/local/openravenscar/sparc-ork-elf/lib/libc.a(readr.o)
                0x0202a780                _read_r
 .text          0x0202a7bc      0x134 /usr/local/openravenscar/sparc-ork-elf/lib/libork.a(ada_exceptions.o)
                0x0202a7bc                Instruction_Access_Exception
                0x0202a898                Division_By_Zero
                0x0202a86c                Stack_Overflow
                0x0202a7e8                Illegal_Instruction
                0x0202a8c4                Integer_Overflow
                0x0202a840                FP_Exception
                0x0202a814                Address_Not_Aligned
 .text          0x0202a8f0       0x1c /usr/local/openravenscar/sparc-ork-elf/lib/libork.a(close.o)
                0x0202a8f0                close
 .text          0x0202a90c       0x30 /usr/local/openravenscar/sparc-ork-elf/lib/libork.a(execv.o)
                0x0202a90c                execv
 .text          0x0202a93c       0x28 /usr/local/openravenscar/sparc-ork-elf/lib/libork.a(fork.o)
                0x0202a93c                fork
 .text          0x0202a964       0x30 /usr/local/openravenscar/sparc-ork-elf/lib/libork.a(fstat.o)
                0x0202a964                fstat
 .text          0x0202a994       0x30 /usr/local/openravenscar/sparc-ork-elf/lib/libork.a(getcwd.o)
                0x0202a994                getcwd
 .text          0x0202a9c4       0x30 /usr/local/openravenscar/sparc-ork-elf/lib/libork.a(getpid.o)
                0x0202a9c4                getpid
                0x0202a9dc                getppid
 .text          0x0202a9f4       0x84 /usr/local/openravenscar/sparc-ork-elf/lib/libork.a(isatty.o)
                0x0202a9f4                isatty
 .text          0x0202aa78       0x3c /usr/local/openravenscar/sparc-ork-elf/lib/libork.a(kill.o)
                0x0202aa78                kill
 .text          0x0202aab4       0x30 /usr/local/openravenscar/sparc-ork-elf/lib/libork.a(link.o)
                0x0202aab4                link
 .text          0x0202aae4       0x34 /usr/local/openravenscar/sparc-ork-elf/lib/libork.a(lseek.o)
                0x0202aae4                lseek
 .text          0x0202ab18       0x34 /usr/local/openravenscar/sparc-ork-elf/lib/libork.a(open.o)
                0x0202ab18                open
 .text          0x0202ab4c      0x148 /usr/local/openravenscar/sparc-ork-elf/lib/libork.a(read.o)
                0x0202ab4c                read
 .text          0x0202ac94       0x34 /usr/local/openravenscar/sparc-ork-elf/lib/libork.a(readdir.o)
                0x0202ac94                readdir
 .text          0x0202acc8       0x20 /usr/local/openravenscar/sparc-ork-elf/lib/libork.a(mkdir.o)
                0x0202acc8                mkdir
 .text          0x0202ace8       0xb0 /usr/local/openravenscar/sparc-ork-elf/lib/libork.a(sbrk.o)
                0x0202ace8                sbrk
 .text          0x0202ad98       0x30 /usr/local/openravenscar/sparc-ork-elf/lib/libork.a(stat.o)
                0x0202ad98                stat
 .text          0x0202adc8       0x2c /usr/local/openravenscar/sparc-ork-elf/lib/libork.a(unlink.o)
                0x0202adc8                unlink
 .text          0x0202adf4       0x2c /usr/local/openravenscar/sparc-ork-elf/lib/libork.a(wait.o)
                0x0202adf4                wait
 .text          0x0202ae20       0xec /usr/local/openravenscar/sparc-ork-elf/lib/libork.a(write.o)
                0x0202ae20                write
 *fill*         0x0202af0c        0x4
                0x0202af10                .=ALIGN(0x10)
 *(.eh_frame)
 .eh_frame      0x0202af10      0x11c /usr/local/openravenscar/lib/gcc-lib/sparc-ork-elf/2.8.1/adalib/libgnat.a(a-init.o)
 .eh_frame      0x0202b02c       0x24 /usr/local/openravenscar/lib/gcc-lib/sparc-ork-elf/2.8.1/libgcc.a(__dummy.o)
 .eh_frame      0x0202b050       0x24 /usr/local/openravenscar/lib/gcc-lib/sparc-ork-elf/2.8.1/libgcc.a(_ashldi3.o)
 .eh_frame      0x0202b074       0x24 /usr/local/openravenscar/lib/gcc-lib/sparc-ork-elf/2.8.1/libgcc.a(_cmpdi2.o)
 .eh_frame      0x0202b098       0x2c /usr/local/openravenscar/lib/gcc-lib/sparc-ork-elf/2.8.1/libgcc.a(_divdi3.o)
 .eh_frame      0x0202b0c4       0x2c /usr/local/openravenscar/lib/gcc-lib/sparc-ork-elf/2.8.1/libgcc.a(_fixsfdi.o)
 .eh_frame      0x0202b0f0       0x2c /usr/local/openravenscar/lib/gcc-lib/sparc-ork-elf/2.8.1/libgcc.a(_fixunsdfdi.o)
 .eh_frame      0x0202b11c       0x2c /usr/local/openravenscar/lib/gcc-lib/sparc-ork-elf/2.8.1/libgcc.a(_fixunssfdi.o)
 .eh_frame      0x0202b148       0x28 /usr/local/openravenscar/lib/gcc-lib/sparc-ork-elf/2.8.1/libgcc.a(_floatdidf.o)
 .eh_frame      0x0202b170       0x28 /usr/local/openravenscar/lib/gcc-lib/sparc-ork-elf/2.8.1/libgcc.a(_floatdisf.o)
 .eh_frame      0x0202b198       0x24 /usr/local/openravenscar/lib/gcc-lib/sparc-ork-elf/2.8.1/libgcc.a(_lshrdi3.o)
 .eh_frame      0x0202b1bc       0x2c /usr/local/openravenscar/lib/gcc-lib/sparc-ork-elf/2.8.1/libgcc.a(_muldi3.o)
 .eh_frame      0x0202b1e8       0x2c /usr/local/openravenscar/lib/gcc-lib/sparc-ork-elf/2.8.1/libgcc.a(_udivdi3.o)
 .eh_frame      0x0202b214       0x2c /usr/local/openravenscar/lib/gcc-lib/sparc-ork-elf/2.8.1/libgcc.a(_umoddi3.o)
 .eh_frame      0x0202b240      0x11c /usr/local/openravenscar/lib/gcc-lib/sparc-ork-elf/2.8.1/libgcc.a(frame.o)
 *fill*         0x0202b35c        0x4
                0x0202b360                .=ALIGN(0x10)
 *(.rodata)
 .rodata        0x0202b360      0xb04 ./devices.o
 *fill*         0x0202be64        0x4